[2026-08-08 17:21:09]   + チャンネル登録 @tomorrow_life_hack / 【明日から役に立つ】ライフハック雑学
[2026-08-08 17:21:11]   検索 ライフハック 雑学 (week): 20本
[2026-08-08 17:21:12]   検索 知らないと損 生活の知恵 (week): 20本
[2026-08-08 17:21:12] 検索から 39本を記録
[2026-08-08 17:21:12]   ★ 新しい競合を発見: 昔の人の知恵 (4本 / 平均55877回)
[2026-08-08 17:21:12]   ★ 新しい競合を発見: 節約お姉さんういうい (1本 / 平均22181回)
[2026-08-08 17:21:12]   ★ 新しい競合を発見: 野菜と健康の知恵 (1本 / 平均9323回)
[2026-08-08 17:21:12]   ★ 新しい競合を発見: 【毎日を快適に】ゆるっとライフハック雑学 (3本 / 平均2745回)
[2026-08-08 17:21:12]   ★ 新しい競合を発見: 【意外と知らない】ライフハック雑学 (2本 / 平均4036回)
[2026-08-08 17:21:12]   ★ 新しい競合を発見: 【家族に話したくなる】ライフハック雑学 (1本 / 平均4259回)
[2026-08-08 17:21:12]   ★ 新しい競合を発見: 歴史怪異館 (1本 / 平均2146回)
[2026-08-08 17:21:23] 完了。レポート: /Users/iha/Music/名称未設定フォルダ/youtube-research/ネタ候補.md
[2026-08-08 17:21:58]   検索 ライフハック 雑学 (week): 20本
[2026-08-08 17:22:00]   検索 ライフハック 雑学 (month): 20本
[2026-08-08 17:22:01]   検索 知らないと損 生活の知恵 (week): 20本
[2026-08-08 17:22:03]   検索 知らないと損 生活の知恵 (month): 20本
[2026-08-08 17:22:05]   検索 やってはいけない 家 (week): 20本
[2026-08-08 17:22:06]   検索 やってはいけない 家 (month): 20本
[2026-08-08 17:22:08]   検索 掃除 裏技 (week): 20本
[2026-08-08 17:22:09]   検索 掃除 裏技 (month): 20本
[2026-08-08 17:22:11]   検索 電気代 節約 (week): 20本
[2026-08-08 17:22:12]   検索 電気代 節約 (month): 20本
[2026-08-08 17:22:14]   検索 健康 雑学 (week): 20本
[2026-08-08 17:22:16]   検索 健康 雑学 (month): 20本
[2026-08-08 17:22:17]   検索 害虫 対策 (week): 20本
[2026-08-08 17:22:19]   検索 害虫 対策 (month): 20本
[2026-08-08 17:22:21]   検索 暑さ対策 エアコン (week): 20本
[2026-08-08 17:22:22]   検索 暑さ対策 エアコン (month): 20本
[2026-08-08 17:22:24]   検索 100均 便利グッズ (week): 20本
[2026-08-08 17:22:25]   検索 100均 便利グッズ (month): 20本
[2026-08-08 17:22:27]   検索 洗濯 裏技 (week): 20本
[2026-08-08 17:22:29]   検索 洗濯 裏技 (month): 20本
[2026-08-08 17:22:30]   検索 冷蔵庫 保存 裏技 (week): 20本
[2026-08-08 17:22:32]   検索 冷蔵庫 保存 裏技 (month): 20本
[2026-08-08 17:22:33]   検索 スマホ 設定 裏技 (week): 20本
[2026-08-08 17:22:35]   検索 スマホ 設定 裏技 (month): 20本
[2026-08-08 17:22:35] 検索から 475本を記録
[2026-08-08 17:22:35]   ★ 新しい競合を発見: TBS NEWS DIG Powered by JNN (3本 / 平均652512回)
[2026-08-08 17:22:35]   ★ 新しい競合を発見: くらしのマーケット大学 (2本 / 平均523627回)
[2026-08-08 17:22:35]   ★ 新しい競合を発見: スマトク (3本 / 平均184206回)
[2026-08-08 17:22:35]   ★ 新しい競合を発見: まんまるなライフ (3本 / 平均155875回)
[2026-08-08 17:22:35]   ★ 新しい競合を発見: ヨッパン・100均紹介 (3本 / 平均147370回)
[2026-08-08 17:22:35]   ★ 新しい競合を発見: サトシの趣味部屋 (1本 / 平均355241回)
[2026-08-08 17:22:35]   ★ 新しい競合を発見: ぽかぽか長寿ライフ (1本 / 平均278921回)
[2026-08-08 17:22:35]   ★ 新しい競合を発見: 寿チャンネルDIY in沖縄 (1本 / 平均262532回)
[2026-08-08 17:22:35]   ★ 新しい競合を発見: 森の家 / Mori's house (2本 / 平均124506回)
[2026-08-08 17:22:35]   ★ 新しい競合を発見: 【知らなきゃ損する】ライフハック×雑学 (4本 / 平均59280回)
[2026-08-08 17:22:35]   ★ 新しい競合を発見: おもち100均マニア (4本 / 平均52928回)
[2026-08-08 17:22:35]   ★ 新しい競合を発見: 雑学ダヴィンチ (8本 / 平均23505回)
[2026-08-08 17:22:35]   ★ 新しい競合を発見: 知るか知らないかで差が付く雑学【健康・筋トレ】 (6本 / 平均26352回)
[2026-08-08 17:22:35]   ★ 新しい競合を発見: カズチャンネル/Kazu Channel (1本 / 平均149508回)
[2026-08-08 17:22:35]   ★ 新しい競合を発見: 楽待 RAKUMACHI (2本 / 平均74592回)
[2026-08-08 17:22:35]   ★ 新しい競合を発見: FNNプライムオンライン (1本 / 平均139054回)
[2026-08-08 17:22:35]   ★ 新しい競合を発見: 风荷短剧 (1本 / 平均113244回)
[2026-08-08 17:22:35]   ★ 新しい競合を発見: ゆるゆるすぎる雑学 (7本 / 平均15786回)
[2026-08-08 17:22:35]   ★ 新しい競合を発見: みずおじさん / 誰でも分かるスマホ講座 (1本 / 平均109662回)
[2026-08-08 17:22:35]   ★ 新しい競合を発見: ANNnewsCH (2本 / 平均53991回)
[2026-08-08 17:22:35]   ★ 新しい競合を発見: とも【100均紹介】 (2本 / 平均50289回)
[2026-08-08 17:22:35]   ★ 新しい競合を発見: Artkala Angan (1本 / 平均98536回)
[2026-08-08 17:22:35]   ★ 新しい競合を発見: ずんだもんとまなぼう (1本 / 平均94196回)
[2026-08-08 17:22:35]   ★ 新しい競合を発見: ちまき / 100均紹介 (1本 / 平均92128回)
[2026-08-08 17:22:35]   ★ 新しい競合を発見: 野口智也チャンネル (3本 / 平均28288回)
[2026-08-08 17:22:35]   ★ 新しい競合を発見: Nancy Home (2本 / 平均39948回)
[2026-08-08 17:22:35]   ★ 新しい競合を発見: きのっこ / Kinocco (3本 / 平均26571回)
[2026-08-08 17:22:35]   ★ 新しい競合を発見: DIYをめぐる冒険 (1本 / 平均68959回)
[2026-08-08 17:22:35]   ★ 新しい競合を発見: My-Room (2本 / 平均33640回)
[2026-08-08 17:22:35]   ★ 新しい競合を発見: さきの海外不動産しか勝たん (2本 / 平均30900回)
[2026-08-08 17:22:35]   ★ 新しい競合を発見: 衝撃のJAPAN【海外の反応】 (1本 / 平均61786回)
[2026-08-08 17:22:35]   ★ 新しい競合を発見: 【今すぐ試したくなる】ライフハック (3本 / 平均19552回)
[2026-08-08 17:22:35]   ★ 新しい競合を発見: しずく / 100均といい暮らし紹介 (2本 / 平均26647回)
[2026-08-08 17:22:35]   ★ 新しい競合を発見: 孤独のシニアまち子の暮らし (2本 / 平均25503回)
[2026-08-08 17:22:35]   ★ 新しい競合を発見: みやじぃ iPhone / ショートカット (1本 / 平均49988回)
[2026-08-08 17:22:35]   ★ 新しい競合を発見: えだまめストーリー (1本 / 平均48816回)
[2026-08-08 17:22:35]   ★ 新しい競合を発見: メ〜テレニュース (1本 / 平均43962回)
[2026-08-08 17:22:35]   ★ 新しい競合を発見: 【毎日を快適にする秘訣】ゆるっと暮らしの雑学 (12本 / 平均3579回)
[2026-08-08 17:22:35]   ★ 新しい競合を発見: 知らなきゃ損ラボ【生活防衛ライフハック】 (1本 / 平均41415回)
[2026-08-08 17:22:35] チャンネル収集: 46件
[2026-08-08 17:24:32] 完了。レポート: /Users/iha/Music/名称未設定フォルダ/youtube-research/ネタ候補.md
[2026-08-08 17:26:36]   検索 ライフハック 雑学 (week): 20本
[2026-08-08 17:26:38]   検索 ライフハック 雑学 (month): 20本
[2026-08-08 17:26:40]   検索 知らないと損 生活の知恵 (week): 20本
[2026-08-08 17:26:41]   検索 知らないと損 生活の知恵 (month): 20本
[2026-08-08 17:26:43]   検索 やってはいけない 家 (week): 20本
[2026-08-08 17:26:44]   検索 やってはいけない 家 (month): 20本
[2026-08-08 17:26:46]   検索 掃除 裏技 (week): 20本
[2026-08-08 17:26:48]   検索 掃除 裏技 (month): 20本
[2026-08-08 17:26:49]   検索 電気代 節約 (week): 20本
[2026-08-08 17:26:51]   検索 電気代 節約 (month): 20本
[2026-08-08 17:26:52]   検索 健康 雑学 (week): 20本
[2026-08-08 17:26:54]   検索 健康 雑学 (month): 20本
[2026-08-08 17:26:56]   検索 害虫 対策 (week): 20本
[2026-08-08 17:26:57]   検索 害虫 対策 (month): 20本
[2026-08-08 17:26:59]   検索 暑さ対策 エアコン (week): 20本
[2026-08-08 17:27:01]   検索 暑さ対策 エアコン (month): 20本
[2026-08-08 17:27:02]   検索 100均 便利グッズ (week): 20本
[2026-08-08 17:27:04]   検索 100均 便利グッズ (month): 20本
[2026-08-08 17:27:05]   検索 洗濯 裏技 (week): 20本
[2026-08-08 17:27:07]   検索 洗濯 裏技 (month): 20本
[2026-08-08 17:27:09]   検索 冷蔵庫 保存 裏技 (week): 20本
[2026-08-08 17:27:10]   検索 冷蔵庫 保存 裏技 (month): 20本
[2026-08-08 17:27:12]   検索 スマホ 設定 裏技 (week): 20本
[2026-08-08 17:27:13]   検索 スマホ 設定 裏技 (month): 20本
[2026-08-08 17:27:13] 検索から 475本を記録
[2026-08-08 17:27:13]   ★ 新しい競合を発見: 暮らしの裏ワザ (6本 / 平均4232回)
[2026-08-08 17:27:13]   ★ 新しい競合を発見: 【知らないと損する】暮らしの雑学×ライフハック (3本 / 平均9336回)
[2026-08-08 17:27:13]   ★ 新しい競合を発見: 暮らし上手ノート (2本 / 平均4069回)
[2026-08-08 17:27:13]   ★ 新しい競合を発見: 【知らなきゃ損する!】ライフハック雑学 (4本 / 平均20776回)
[2026-08-08 17:27:13]   ★ 新しい競合を発見: ゆらぎ世代の健康雑学 (2本 / 平均2066回)
[2026-08-08 17:27:13]   ★ 新しい競合を発見: 【暮らしを快適に】すっきりライフハック (1本 / 平均49743回)
[2026-08-08 17:27:13]   ★ 新しい競合を発見: 木になる健康雑学 (1本 / 平均32064回)
[2026-08-08 17:27:13]   ★ 新しい競合を発見: 雑学ネットフリクス (1本 / 平均27775回)
[2026-08-08 17:27:13]   ★ 新しい競合を発見: おもちのゆる節約とミニマリスト。 (1本 / 平均15114回)
[2026-08-08 17:27:13]   ★ 新しい競合を発見: 雑学魂 (1本 / 平均8510回)
[2026-08-08 17:27:13]   ★ 新しい競合を発見: ゆるるん健康雑学 (1本 / 平均2917回)
[2026-08-08 17:27:13]   ★ 新しい競合を発見: 【生活がラクになる】ライフハック雑学 (1本 / 平均2697回)
[2026-08-08 17:27:13]   ★ 新しい競合を発見: 【痩せて若返る】 大人の健康雑学 (1本 / 平均2661回)
[2026-08-08 17:27:13]   ★ 新しい競合を発見: みんなの給付金・補助金ちゃんねる (3本 / 平均5717回)
[2026-08-08 17:27:13]   ★ 新しい競合を発見: 心に灯る言葉 (2本 / 平均16837回)
[2026-08-08 17:27:13]   ★ 新しい競合を発見: ミニマリストしぶ (2本 / 平均12863回)
[2026-08-08 17:27:13]   ★ 新しい競合を発見: ヨッパン・100均紹介 (3本 / 平均147405回)
[2026-08-08 17:27:13]   ★ 新しい競合を発見: My-Room (3本 / 平均31575回)
[2026-08-08 17:27:13]   ★ 新しい競合を発見: きのっこ / Kinocco (3本 / 平均26625回)
[2026-08-08 17:27:13]   ★ 新しい競合を発見: はるチャンネル【100均】 (3本 / 平均15009回)
[2026-08-08 17:27:13]   ★ 新しい競合を発見: 農家直伝！家庭菜園らいふ (3本 / 平均8196回)
[2026-08-08 17:27:13]   ★ 新しい競合を発見: Tracy Tips (3本 / 平均2100回)
[2026-08-08 17:27:13] チャンネル収集: 43件
[2026-08-08 17:29:06] 完了。レポート: /Users/iha/Music/名称未設定フォルダ/youtube-research/ネタ候補.md
[2026-08-08 17:57:46]   検索 ライフハック 雑学 (today): 20本
[2026-08-08 17:57:48]   検索 ライフハック 雑学 (week): 20本
[2026-08-08 17:57:49]   検索 ライフハック 雑学 (month): 20本
[2026-08-08 17:57:51]   検索 知らないと損 生活の知恵 (today): 20本
[2026-08-08 17:57:53]   検索 知らないと損 生活の知恵 (week): 20本
[2026-08-08 17:57:54]   検索 知らないと損 生活の知恵 (month): 20本
[2026-08-08 17:57:56]   検索 やってはいけない 家 (today): 20本
[2026-08-08 17:57:57]   検索 やってはいけない 家 (week): 20本
[2026-08-08 17:57:59]   検索 やってはいけない 家 (month): 20本
[2026-08-08 17:58:01]   検索 掃除 裏技 (today): 20本
[2026-08-08 17:58:02]   検索 掃除 裏技 (week): 20本
[2026-08-08 17:58:04]   検索 掃除 裏技 (month): 20本
[2026-08-08 17:58:05]   検索 電気代 節約 (today): 20本
[2026-08-08 17:58:07]   検索 電気代 節約 (week): 20本
[2026-08-08 17:58:09]   検索 電気代 節約 (month): 20本
[2026-08-08 17:58:10]   検索 健康 雑学 (today): 20本
[2026-08-08 17:58:12]   検索 健康 雑学 (week): 20本
[2026-08-08 17:58:14]   検索 健康 雑学 (month): 20本
[2026-08-08 17:58:15]   検索 害虫 対策 (today): 20本
[2026-08-08 17:58:17]   検索 害虫 対策 (week): 20本
[2026-08-08 17:58:18]   検索 害虫 対策 (month): 20本
[2026-08-08 17:58:20]   検索 暑さ対策 エアコン (today): 20本
[2026-08-08 17:58:22]   検索 暑さ対策 エアコン (week): 20本
[2026-08-08 17:58:23]   検索 暑さ対策 エアコン (month): 20本
[2026-08-08 17:58:25]   検索 100均 便利グッズ (today): 17本
[2026-08-08 17:58:26]   検索 100均 便利グッズ (week): 20本
[2026-08-08 17:58:28]   検索 100均 便利グッズ (month): 20本
[2026-08-08 17:58:29]   検索 洗濯 裏技 (today): 20本
[2026-08-08 17:58:31]   検索 洗濯 裏技 (week): 20本
[2026-08-08 17:58:33]   検索 洗濯 裏技 (month): 20本
[2026-08-08 17:58:34]   検索 冷蔵庫 保存 裏技 (today): 20本
[2026-08-08 17:58:36]   検索 冷蔵庫 保存 裏技 (week): 20本
[2026-08-08 17:58:37]   検索 冷蔵庫 保存 裏技 (month): 20本
[2026-08-08 17:58:39]   検索 スマホ 設定 裏技 (today): 20本
[2026-08-08 17:58:41]   検索 スマホ 設定 裏技 (week): 20本
[2026-08-08 17:58:42]   検索 スマホ 設定 裏技 (month): 20本
[2026-08-08 17:58:42] 検索から 712本を記録
[2026-08-08 17:58:42]   ★ 新しい競合を発見: カップ麺を待つ間に見たい雑学 (2本 / 平均8000回)
[2026-08-08 17:58:42]   ★ 新しい競合を発見: 気軽にハンドメイド生活 (1本 / 平均42122回)
[2026-08-08 17:58:42]   ★ 新しい競合を発見: 杏と猫の小さな暮らし (1本 / 平均6889回)
[2026-08-08 17:58:55] 完了。レポート: /Users/iha/Music/名称未設定フォルダ/youtube-research/ネタ候補.md
[2026-08-08 18:08:29]   検索 ライフハック 雑学 (today): 20本
[2026-08-08 18:08:30]   検索 ライフハック 雑学 (week): 20本
[2026-08-08 18:08:32]   検索 ライフハック 雑学 (month): 20本
[2026-08-08 18:08:34]   検索 知らないと損 生活の知恵 (today): 20本
[2026-08-08 18:08:35]   検索 知らないと損 生活の知恵 (week): 20本
[2026-08-08 18:08:37]   検索 知らないと損 生活の知恵 (month): 20本
[2026-08-08 18:08:38]   検索 やってはいけない 家 (today): 20本
[2026-08-08 18:08:40]   検索 やってはいけない 家 (week): 20本
[2026-08-08 18:08:42]   検索 やってはいけない 家 (month): 20本
[2026-08-08 18:08:44]   検索 掃除 裏技 (today): 20本
[2026-08-08 18:08:45]   検索 掃除 裏技 (week): 20本
[2026-08-08 18:08:47]   検索 掃除 裏技 (month): 20本
[2026-08-08 18:08:49]   検索 電気代 節約 (today): 20本
[2026-08-08 18:08:50]   検索 電気代 節約 (week): 20本
[2026-08-08 18:08:52]   検索 電気代 節約 (month): 20本
[2026-08-08 18:08:53]   検索 健康 雑学 (today): 20本
[2026-08-08 18:08:55]   検索 健康 雑学 (week): 20本
[2026-08-08 18:08:57]   検索 健康 雑学 (month): 20本
[2026-08-08 18:08:58]   検索 害虫 対策 (today): 20本
[2026-08-08 18:09:00]   検索 害虫 対策 (week): 20本
[2026-08-08 18:09:02]   検索 害虫 対策 (month): 20本
[2026-08-08 18:09:03]   検索 暑さ対策 エアコン (today): 20本
[2026-08-08 18:09:05]   検索 暑さ対策 エアコン (week): 20本
[2026-08-08 18:09:07]   検索 暑さ対策 エアコン (month): 20本
[2026-08-08 18:09:08]   検索 100均 便利グッズ (today): 17本
[2026-08-08 18:09:10]   検索 100均 便利グッズ (week): 20本
[2026-08-08 18:09:11]   検索 100均 便利グッズ (month): 20本
[2026-08-08 18:09:13]   検索 洗濯 裏技 (today): 20本
[2026-08-08 18:09:15]   検索 洗濯 裏技 (week): 20本
[2026-08-08 18:09:16]   検索 洗濯 裏技 (month): 20本
[2026-08-08 18:09:18]   検索 冷蔵庫 保存 裏技 (today): 20本
[2026-08-08 18:09:20]   検索 冷蔵庫 保存 裏技 (week): 20本
[2026-08-08 18:09:21]   検索 冷蔵庫 保存 裏技 (month): 20本
[2026-08-08 18:09:23]   検索 スマホ 設定 裏技 (today): 20本
[2026-08-08 18:09:25]   検索 スマホ 設定 裏技 (week): 20本
[2026-08-08 18:09:26]   検索 スマホ 設定 裏技 (month): 20本
[2026-08-08 18:09:26] 検索から 712本を記録
[2026-08-08 18:09:39] 完了。レポート: /Users/iha/Music/名称未設定フォルダ/youtube-research/ネタ候補.md
[2026-08-08 18:39:38] お気に入り新着 6本を通知
