リサーチダッシュボード: http://localhost:8770
リサーチダッシュボード: http://localhost:8770
リサーチダッシュボード: http://localhost:8770
リサーチダッシュボード: http://localhost:8770
リサーチダッシュボード: http://localhost:8770
リサーチダッシュボード: http://localhost:8770
[2026-08-08 18:08:29]   検索 ライフハック 雑学 (today): 20本
[2026-08-08 18:08:30]   検索 ライフハック 雑学 (week): 20本
[2026-08-08 18:08:32]   検索 ライフハック 雑学 (month): 20本
[2026-08-08 18:08:34]   検索 知らないと損 生活の知恵 (today): 20本
[2026-08-08 18:08:35]   検索 知らないと損 生活の知恵 (week): 20本
[2026-08-08 18:08:37]   検索 知らないと損 生活の知恵 (month): 20本
[2026-08-08 18:08:38]   検索 やってはいけない 家 (today): 20本
[2026-08-08 18:08:40]   検索 やってはいけない 家 (week): 20本
[2026-08-08 18:08:42]   検索 やってはいけない 家 (month): 20本
[2026-08-08 18:08:44]   検索 掃除 裏技 (today): 20本
[2026-08-08 18:08:45]   検索 掃除 裏技 (week): 20本
[2026-08-08 18:08:47]   検索 掃除 裏技 (month): 20本
[2026-08-08 18:08:49]   検索 電気代 節約 (today): 20本
[2026-08-08 18:08:50]   検索 電気代 節約 (week): 20本
[2026-08-08 18:08:52]   検索 電気代 節約 (month): 20本
[2026-08-08 18:08:53]   検索 健康 雑学 (today): 20本
[2026-08-08 18:08:55]   検索 健康 雑学 (week): 20本
[2026-08-08 18:08:57]   検索 健康 雑学 (month): 20本
[2026-08-08 18:08:58]   検索 害虫 対策 (today): 20本
[2026-08-08 18:09:00]   検索 害虫 対策 (week): 20本
[2026-08-08 18:09:02]   検索 害虫 対策 (month): 20本
[2026-08-08 18:09:03]   検索 暑さ対策 エアコン (today): 20本
[2026-08-08 18:09:05]   検索 暑さ対策 エアコン (week): 20本
[2026-08-08 18:09:07]   検索 暑さ対策 エアコン (month): 20本
[2026-08-08 18:09:08]   検索 100均 便利グッズ (today): 17本
[2026-08-08 18:09:10]   検索 100均 便利グッズ (week): 20本
[2026-08-08 18:09:11]   検索 100均 便利グッズ (month): 20本
[2026-08-08 18:09:13]   検索 洗濯 裏技 (today): 20本
[2026-08-08 18:09:15]   検索 洗濯 裏技 (week): 20本
[2026-08-08 18:09:16]   検索 洗濯 裏技 (month): 20本
[2026-08-08 18:09:18]   検索 冷蔵庫 保存 裏技 (today): 20本
[2026-08-08 18:09:20]   検索 冷蔵庫 保存 裏技 (week): 20本
[2026-08-08 18:09:21]   検索 冷蔵庫 保存 裏技 (month): 20本
[2026-08-08 18:09:23]   検索 スマホ 設定 裏技 (today): 20本
[2026-08-08 18:09:25]   検索 スマホ 設定 裏技 (week): 20本
[2026-08-08 18:09:26]   検索 スマホ 設定 裏技 (month): 20本
[2026-08-08 18:09:26] 検索から 712本を記録
[2026-08-08 18:09:39] 完了。レポート: /Users/iha/Music/名称未設定フォルダ/youtube-research/ネタ候補.md
リサーチダッシュボード: http://localhost:8770
リサーチダッシュボード: http://localhost:8770
リサーチダッシュボード: http://localhost:8770
リサーチダッシュボード: http://localhost:8770
リサーチダッシュボード: http://localhost:8770
リサーチダッシュボード: http://localhost:8770
リサーチダッシュボード: http://localhost:8770
リサーチダッシュボード: http://localhost:8770
リサーチダッシュボード: http://localhost:8770
リサーチダッシュボード: http://localhost:8770
リサーチダッシュボード: http://localhost:8770
リサーチダッシュボード: http://localhost:8770
リサーチダッシュボード: http://localhost:8770
リサーチダッシュボード: http://localhost:8770
